apiVersion: policy.open-cluster-management.io/v1
kind: ConfigurationPolicy
metadata:
  creationTimestamp: null
  labels:
    policy-id: install-odf-lvm-operator
  name: install-odf-lvm-operator4
spec:
  evaluationInterval: {}
  namespaceSelector:
    exclude:
    - kube-*
  object-templates:
  - complianceType: musthave
    objectDefinition:
      apiVersion: operators.coreos.com/v1alpha1
      kind: Subscription
      metadata:
        name: lvm-operator
        namespace: openshift-storage
      spec:
        installPlanApproval: Automatic
        name: odf-lvm-operator
        source: redhat-operators
        sourceNamespace: openshift-marketplace
  remediationAction: inform
  severity: low
status: {}
