apiVersion: policy.open-cluster-management.io/v1
kind: ConfigurationPolicy
metadata:
  creationTimestamp: null
  labels:
    policy-id: install-odf-lvm-operator
  name: install-odf-lvm-operator
spec:
  evaluationInterval: {}
  namespaceSelector:
    exclude:
    - kube-*
  object-templates:
  - complianceType: musthave
    objectDefinition:
      apiVersion: lvm.topolvm.io/v1alpha1
      kind: LVMCluster
      metadata:
        name: odf-lvmcluster
        namespace: openshift-storage
      spec:
        storage:
          deviceClasses:
          - name: vg1
            thinPoolConfig:
              name: thin-pool-1
              overprovisionRatio: 10
              sizePercent: 80
  remediationAction: inform
  severity: low
status: {}
