apiVersion: policy.open-cluster-management.io/v1
kind: Policy
metadata:
  annotations:
    policy.open-cluster-management.io/categories: ac
    policy.open-cluster-management.io/controls: ac-2.1
    policy.open-cluster-management.io/standards: Test Profile
  name: install-odf-lvm-operator
  namespace: test
spec:
  disabled: false
  policy-templates:
  - objectDefinition:
      apiVersion: policy.open-cluster-management.io/v1
      kind: ConfigurationPolicy
      metadata:
        name: install-odf-lvm-operator
      spec:
        object-templates:
        - complianceType: musthave
          objectDefinition:
            apiVersion: v1
            kind: Namespace
            metadata:
              labels:
                openshift.io/cluster-monitoring: "true"
                pod-security.kubernetes.io/audit: privileged
                pod-security.kubernetes.io/enforce: privileged
                pod-security.kubernetes.io/warn: privileged
              name: openshift-storage
        - complianceType: musthave
          objectDefinition:
            apiVersion: operators.coreos.com/v1
            kind: OperatorGroup
            metadata:
              name: openshift-storage-operatorgroup
              namespace: openshift-storage
            spec:
              targetNamespaces:
              - openshift-storage
        - complianceType: musthave
          objectDefinition:
            apiVersion: operators.coreos.com/v1alpha1
            kind: Subscription
            metadata:
              name: lvm-operator
              namespace: openshift-storage
            spec:
              installPlanApproval: Automatic
              name: odf-lvm-operator
              source: redhat-operators
              sourceNamespace: openshift-marketplace
        - complianceType: musthave
          objectDefinition:
            apiVersion: lvm.topolvm.io/v1alpha1
            kind: LVMCluster
            metadata:
              name: odf-lvmcluster
              namespace: openshift-storage
            spec:
              storage:
                deviceClasses:
                - name: vg1
                  thinPoolConfig:
                    name: thin-pool-1
                    overprovisionRatio: 10
                    sizePercent: 80
        remediationAction: enforce
        severity: low
  remediationAction: enforce
---
apiVersion: apps.open-cluster-management.io/v1
kind: PlacementRule
metadata:
  name: placement-install-odf-lvm-operator
  namespace: test
spec:
  clusterSelector:
    matchExpressions:
    - key: environment
      operator: In
      values:
      - test
---
apiVersion: policy.open-cluster-management.io/v1
kind: PlacementBinding
metadata:
  name: binding-install-odf-lvm-operator
  namespace: test
placementRef:
  apiGroup: apps.open-cluster-management.io
  kind: PlacementRule
  name: placement-install-odf-lvm-operator
subjects:
- apiGroup: policy.open-cluster-management.io
  kind: Policy
  name: install-odf-lvm-operator
