apiVersion: policy.open-cluster-management.io/v1
kind: ConfigurationPolicy
metadata:
  creationTimestamp: null
  labels:
    policy-id: install-odf-lvm-operator
  name: install-odf-lvm-operator2
spec:
  evaluationInterval: {}
  namespaceSelector:
    exclude:
    - kube-*
  object-templates:
  - complianceType: musthave
    objectDefinition:
      apiVersion: v1
      kind: Namespace
      metadata:
        labels:
          openshift.io/cluster-monitoring: "true"
          pod-security.kubernetes.io/audit: privileged
          pod-security.kubernetes.io/enforce: privileged
          pod-security.kubernetes.io/warn: privileged
        name: openshift-storage
  remediationAction: inform
  severity: low
status: {}
